[INFO] Scanning for projects...
[INFO] 
[INFO] -----------------< com.ThoughtsandOpinions:APIGateway >-----------------
[INFO] Building APIGateway 0.0.1-SNAPSHOT
[INFO]   from pom.xml
[INFO] --------------------------------[ jar ]---------------------------------
[INFO] 
[INFO] --- clean:3.5.0:clean (default-clean) @ APIGateway ---
[INFO] Deleting /home/phani/My/Thoughts And Opinions Social Media Application/APIGateway/target
[INFO] 
[INFO] >>> spring-boot:4.1.1:run (default-cli) > test-compile @ APIGateway >>>
[INFO] 
[INFO] --- protobuf:5.1.8:generate (generate) @ APIGateway ---
[INFO] Registering "/home/phani/My/Thoughts And Opinions Social Media Application/APIGateway/target/generated-sources/protobuf" as a Maven main source root for compiler plugins
[INFO] Registering "/home/phani/My/Thoughts And Opinions Social Media Application/APIGateway/target/generated-sources/protobuf" as a Maven main source root for compiler plugins
[INFO] All sources will be compiled, as no previous build data was detected
[INFO] Generating source code from 4 proto source files and 0 descriptor files (discovered a total of 4 proto source files and 0 descriptor files)
[INFO] Invoking protoc. Enable debug logs (--debug --errors) for more details
[INFO] protoc (pid 16101) returned exit code 0 (success) after 221ms
[INFO] Embedding sources from "/home/phani/My/Thoughts And Opinions Social Media Application/APIGateway/src/main/proto" in Maven main class outputs
[INFO] PROTOC SUCCEEDED: Protoc invocation succeeded.
[INFO] 
[INFO] --- protobuf:5.1.8:generate (default) @ APIGateway ---
[INFO] Registering "/home/phani/My/Thoughts And Opinions Social Media Application/APIGateway/target/generated-sources/protobuf" as a Maven main source root for compiler plugins
[INFO] Registering "/home/phani/My/Thoughts And Opinions Social Media Application/APIGateway/target/generated-sources/protobuf" as a Maven main source root for compiler plugins
[INFO] All sources will be compiled, as no previous build data was detected
[INFO] Generating source code from 4 proto source files and 0 descriptor files (discovered a total of 4 proto source files and 0 descriptor files)
[INFO] Invoking protoc. Enable debug logs (--debug --errors) for more details
[INFO] protoc (pid 16195) returned exit code 0 (success) after 132ms
[INFO] Embedding sources from "/home/phani/My/Thoughts And Opinions Social Media Application/APIGateway/src/main/proto" in Maven main class outputs
[INFO] PROTOC SUCCEEDED: Protoc invocation succeeded.
[INFO] 
[INFO] --- resources:3.5.0:resources (default-resources) @ APIGateway ---
[INFO] Copying 1 resource from src/main/resources to target/classes
[INFO] Copying 1 resource from src/main/resources to target/classes
[INFO] 
[INFO] --- compiler:3.15.0:compile (default-compile) @ APIGateway ---
[INFO] Recompiling the module because of changed source code.
[INFO] Compiling 76 source files with javac [debug parameters release 21] to target/classes
